Loading pipeline components...:   0%|          | 0/6 [00:00<?, ?it/s]Loading pipeline components...:  33%|███▎      | 2/6 [00:00<00:01,  3.39it/s]Loading pipeline components...:  50%|█████     | 3/6 [00:01<00:01,  1.76it/s]Loading pipeline components...: 100%|██████████| 6/6 [00:08<00:00,  1.62s/it]Loading pipeline components...: 100%|██████████| 6/6 [00:08<00:00,  1.36s/it]
/Users/julianedberthartono/Jelly/SynthImage/.venv/lib/python3.12/site-packages/diffusers/pipelines/pipeline_utils.py:2273: FutureWarning: `enable_vae_slicing` is deprecated and will be removed in version 0.40.0. Calling `enable_vae_slicing()` on a `StableDiffusionPipeline` is deprecated and this method will be removed in a future version. Please use `pipe.vae.enable_slicing()`.
  deprecate(
The config attributes {'skip_prk_steps': True} were passed to DDIMInverseScheduler, but are not expected and will be ignored. Please verify your scheduler_config.json configuration file.
1 1 ADM 0.6726 3.85
2 1 ADM 0.6704 3.85
3 1 ADM 0.6651 3.22
4 1 ADM 0.6318 3.22
5 1 ADM 0.6441 3.23
6 1 ADM 0.6653 3.23
7 1 ADM 0.6776 3.22
8 1 ADM 0.6722 3.22
9 1 ADM 0.6748 3.22
10 1 ADM 0.6759 3.22
11 1 BigGAN 0.6891 3.22
12 1 BigGAN 0.6623 3.22
13 1 BigGAN 0.6463 3.24
14 1 BigGAN 0.6697 3.24
15 1 BigGAN 0.7029 3.22
16 1 BigGAN 0.6663 3.22
17 1 BigGAN 0.6782 3.23
18 1 BigGAN 0.6662 3.23
19 1 BigGAN 0.6766 3.21
20 1 BigGAN 0.6839 3.21
21 1 DALLE2 0.6167 3.22
22 1 DALLE2 0.6188 3.22
23 1 DALLE2 0.6258 3.22
24 1 DALLE2 0.5904 3.22
25 1 DALLE2 0.6553 3.2
26 1 DALLE2 0.6597 3.2
27 1 DALLE2 0.6425 3.26
28 1 DALLE2 0.6128 3.26
29 1 DALLE2 0.5986 3.26
30 1 DALLE2 0.6448 3.26
31 1 GLIDE 0.6979 3.31
32 1 GLIDE 0.6383 3.31
33 1 GLIDE 0.6681 3.26
34 1 GLIDE 0.6131 3.26
35 1 GLIDE 0.6569 3.27
36 1 GLIDE 0.6318 3.27
37 1 GLIDE 0.6388 3.24
38 1 GLIDE 0.6395 3.24
39 1 GLIDE 0.6475 3.24
40 1 GLIDE 0.6037 3.24
41 1 Midjourney 0.6351 3.25
42 1 Midjourney 0.6667 3.25
43 1 Midjourney 0.6683 3.26
44 1 Midjourney 0.6239 3.26
45 1 Midjourney 0.6658 3.26
46 1 Midjourney 0.6603 3.26
47 1 Midjourney 0.6405 3.35
48 1 Midjourney 0.6807 3.35
49 1 Midjourney 0.652 3.28
50 1 Midjourney 0.656 3.28
51 1 SD14 0.6315 3.27
52 1 SD14 0.6526 3.27
53 1 SD14 0.6688 3.26
54 1 SD14 0.6259 3.26
55 1 SD14 0.6635 3.27
56 1 SD14 0.6683 3.27
57 1 SD14 0.6578 3.23
58 1 SD14 0.6266 3.23
59 1 SD14 0.6602 3.28
60 1 SD14 0.6497 3.28
61 1 SDXL 0.6381 3.24
62 1 SDXL 0.6274 3.24
63 1 SDXL 0.6384 3.26
64 1 SDXL 0.605 3.26
65 1 SDXL 0.6411 3.36
66 1 SDXL 0.627 3.36
67 1 SDXL 0.6184 3.22
68 1 SDXL 0.6696 3.22
69 1 SDXL 0.5787 3.24
70 1 SDXL 0.6053 3.24
71 1 VQDM 0.6607 3.31
72 1 VQDM 0.6672 3.31
73 1 VQDM 0.6558 3.6
74 1 VQDM 0.6524 3.6
75 1 VQDM 0.6449 3.87
76 1 VQDM 0.6705 3.87
77 1 VQDM 0.7151 3.69
78 1 VQDM 0.6439 3.69
79 1 VQDM 0.6921 3.69
80 1 VQDM 0.6562 3.69
81 0 real 0.6379 3.77
82 0 real 0.6699 3.77
83 0 real 0.6693 3.75
84 0 real 0.6622 3.75
85 0 real 0.5726 3.77
86 0 real 0.6686 3.77
87 0 real 0.6463 3.79
88 0 real 0.6897 3.79
89 0 real 0.6788 3.8
90 0 real 0.6424 3.8
91 0 real 0.6083 3.83
92 0 real 0.6603 3.83
93 0 real 0.6128 3.76
94 0 real 0.6484 3.76
95 0 real 0.6744 3.75
96 0 real 0.669 3.75
97 0 real 0.6443 3.76
98 0 real 0.6396 3.76
99 0 real 0.6706 3.76
100 0 real 0.6675 3.76
101 0 real 0.667 3.77
102 0 real 0.6556 3.77
103 0 real 0.6519 3.77
104 0 real 0.6557 3.77
105 0 real 0.676 3.77
106 0 real 0.6138 3.77
107 0 real 0.6573 3.81
108 0 real 0.6236 3.81
109 0 real 0.6201 3.94
110 0 real 0.6401 3.94
111 0 real 0.5714 3.98
112 0 real 0.5818 3.98
113 0 real 0.6763 3.96
114 0 real 0.6312 3.96
115 0 real 0.6442 3.93
116 0 real 0.6651 3.93
117 0 real 0.6635 3.91
118 0 real 0.6935 3.91
119 0 real 0.6217 3.89
120 0 real 0.6638 3.89
121 0 real 0.6167 3.92
122 0 real 0.6064 3.92
123 0 real 0.6272 3.91
124 0 real 0.6371 3.91
125 0 real 0.701 3.86
126 0 real 0.6617 3.86
127 0 real 0.6462 3.88
128 0 real 0.5549 3.88
129 0 real 0.6441 3.88
130 0 real 0.662 3.88
131 1 SD15 0.6357 7.97
132 1 SD15 0.6051 7.97
133 1 SD15 0.6583 4.1
134 1 SD15 0.6573 4.1
135 1 SD15 0.6959 3.35
136 1 SD15 0.6707 3.35
137 1 SD15 0.6731 3.37
138 1 SD15 0.6494 3.37
139 1 SD15 0.6482 3.63
140 1 SD15 0.6095 3.63
141 1 Wukong 0.5802 3.9
142 1 Wukong 0.6066 3.9
143 1 Wukong 0.6272 7.47
144 1 Wukong 0.6234 7.47
145 1 Wukong 0.6361 10.5
146 1 Wukong 0.6635 10.5
147 1 Wukong 0.6482 10.91
148 1 Wukong 0.6045 10.91
149 1 Wukong 0.6383 10.72
150 1 Wukong 0.6681 10.72
151 0 real 0.6187 11.53
152 0 real 0.6372 11.53
153 0 real 0.6639 15.38
154 0 real 0.6015 15.38
155 0 real 0.6471 12.52
156 0 real 0.6311 12.52
157 0 real 0.6634 11.32
158 0 real 0.6467 11.32
159 0 real 0.6299 10.64
160 0 real 0.652 10.64
161 0 real 0.6272 10.22
162 0 real 0.6791 10.22
163 0 real 0.5739 8.63
164 0 real 0.6619 8.63
165 0 real 0.6711 12.26
166 0 real 0.6775 12.26
167 0 real 0.6539 8.88
168 0 real 0.6576 8.88
169 0 real 0.6473 9.17
170 0 real 0.6153 9.17
171 0 real 0.6221 9.62
172 0 real 0.6689 9.62
173 0 real 0.6601 10.01
174 0 real 0.6316 10.01
175 0 real 0.6158 9.15
176 0 real 0.5645 9.15
177 0 real 0.6752 10.94
178 0 real 0.6354 10.94
179 0 real 0.6856 9.52
180 0 real 0.6664 9.52
181 0 real 0.6451 8.73
182 0 real 0.6545 8.73
183 0 real 0.6302 8.62
184 0 real 0.6341 8.62
185 0 real 0.6543 9.31
186 0 real 0.6115 9.31
187 0 real 0.6221 8.7
188 0 real 0.63 8.7
189 0 real 0.5974 8.94
190 0 real 0.6071 8.94
191 0 real 0.6441 8.77
192 0 real 0.5622 8.77
193 0 real 0.6309 9.25
194 0 real 0.5376 9.25
195 0 real 0.6579 9.31
196 0 real 0.6679 9.31
197 0 real 0.663 9.05
198 0 real 0.6305 9.05
199 0 real 0.6491 8.98
200 0 real 0.6887 8.98
